// Jest Snapshot v1, https://goo.gl/fbAQLP

exports[`Test truncate component snapshots should match the snapshot for text.length < length 1`] = `
<div>
  <!---->
   
  <div>
    <!---->
     
    <p>
      MOCKED
    </p>
  </div>
</div>
`;
