// Jest Snapshot v1, https://goo.gl/fbAQLP

exports[`Test truncate component snapshots should match the snapshot for text.length > length 1`] = `
<div>
  <!---->
   
  <div>
    <div>
      MOCKED
    </div>
     
    <a
      class=""
    >
      Show Less
    </a>
  </div>
</div>
`;
